---  Software Radio Systems LTE eNodeB  ---

Reading configuration file /home/workspace/conf/enb_run.conf...
WARNING: cpu0 scaling governor is not set to performance mode. Realtime processing could be compromised. Consider setting it to performance mode before running the application.

Built in RelWithDebInfo mode using 20.10.1.

[31m/build/srslte-fKpfty/srslte-20.10.1/srsenb/src/enb_cfg_parser.cc.890: Force DL EARFCN for cell PCI=1 to 3350
[0m
Opening 1 channels in RF device=default with args=default
[INFO] [UHD] linux; GNU C++ version 9.2.1 20200304; Boost_107100; UHD_3.15.0.0-2build5
[INFO] [LOGGING] Fastpath logging disabled at runtime.
[INFO] [B200] Detected Device: B210
[INFO] [B200] Loading FPGA image: /usr/share/uhd/image/usrp_b210_fpga.bin...
[INFO] [B200] Operating over USB 3.
[INFO] [B200] Detecting internal GPSDO.... 
[INFO] [GPS] Found a generic NMEA GPS device
[INFO] [B200] Initialize CODEC control...
[INFO] [B200] Initialize Radio control...
[INFO] [B200] Performing register loopback test... 
[INFO] [B200] Register loopback test passed
[INFO] [B200] Performing register loopback test... 
[INFO] [B200] Register loopback test passed
[INFO] [B200] Asking for clock rate 23.040000 MHz... 
[INFO] [B200] Actually got clock rate 23.040000 MHz.
Opening USRP channels=1, args: type=b200,master_clock_rate=23.04e6
Setting frequency: DL=2680.0 Mhz, UL=2560.0 MHz for cc_idx=0

==== eNodeB started ===
Type <t> to view trace
Closing stdin thread.
Stopping ..
SCTP Association Shutdown. Association: 0
connect(): Connection refused
Failed to initiate SCTP socket. Attempting reconnection in 10 seconds
Saving MAC PCAP file
Saving S1AP PCAP file
---  exiting  ---
